success
success
1
1
success
success
1
1
success
success
1
1
success
success
1
1
success
1