success
success
0
0
success
1
success
2
1
0
success
1
0
success
0
0