success
x//0
success
x//0 y//1
success
x//0 y//1 z//2
success
x//0 y//1 w//1
success
x//0 v//0