success
y//1
success
y//1 z//2
success
y//1 z//2 a//3
y//1 z//2
y//1
