success
m//0
success
m//0 n//1
success
success
m//0 n//1 o//1 p//2
m//0 n//1 o//1
m//0